// Jest Snapshot v1, https://goo.gl/fbAQLP

exports[`Render CharacterCard correctly 1`] = `
<div>
  <div
    class="MuiPaper-root MuiCard-root makeStyles-card-1 MuiPaper-elevation1 MuiPaper-rounded"
  >
    <img
      alt="Walter White"
      class="MuiCardMedia-root makeStyles-media-2 MuiCardMedia-media MuiCardMedia-img"
      src="https://images.amcnetworks.com/amc.com/wp-content/uploads/2015/04/cast_bb_700x1000_walter-white-lg.jpg"
      title="Walter White"
    />
    <div
      class="MuiCardContent-root"
    >
      <h2
        class="MuiTypography-root MuiTypography-h5 MuiTypography-gutterBottom"
      >
        Walter White
      </h2>
      <p
        class="MuiTypography-root MuiTypography-body2 MuiTypography-colorTextSecondary"
      >
        Age: 
        63 years
      </p>
    </div>
  </div>
</div>
`;
